// Jest Snapshot v1, https://goo.gl/fbAQLP

exports[`shows modal 1`] = `
<div
  style="position: fixed; width: 100vw; height: 100vh; padding: 50px; box-sizing: border-box; background-color: rgba(0, 0, 0, 0.6); z-index: 200000;"
>
  <iframe
    style="background-color: white; border-radius: 5px; width: 100%; height: 100%;"
  />
</div>
`;
